// Jest Snapshot v1, https://goo.gl/fbAQLP

exports[`AppBucket 1`] = `
Object {
  "Resources": Object {
    "AppBucketBucketPolicyEB9AC237": Object {
      "Properties": Object {
        "Bucket": Object {
          "Ref": "AppBucketFED55033",
        },
        "PolicyDocument": Object {
          "Statement": Array [
            Object {
              "Action": "s3:GetObject",
              "Effect": "Allow",
              "Principal": Object {
                "CanonicalUser": Object {
                  "Fn::GetAtt": Array [
                    "AppBucketOriginAcessIdentityEAF14A7F",
                    "S3CanonicalUserId",
                  ],
                },
              },
              "Resource": Object {
                "Fn::Join": Array [
                  "",
                  Array [
                    Object {
                      "Fn::GetAtt": Array [
                        "AppBucketFED55033",
                        "Arn",
                      ],
                    },
                    "/*",
                  ],
                ],
              },
            },
          ],
          "Version": "2012-10-17",
        },
      },
      "Type": "AWS::S3::BucketPolicy",
    },
    "AppBucketFED55033": Object {
      "DeletionPolicy": "Retain",
      "Properties": Object {
        "BucketName": "test-test2-website-bucket",
        "VersioningConfiguration": Object {
          "Status": "Enabled",
        },
      },
      "Type": "AWS::S3::Bucket",
      "UpdateReplacePolicy": "Retain",
    },
    "AppBucketOriginAcessIdentityEAF14A7F": Object {
      "Properties": Object {
        "CloudFrontOriginAccessIdentityConfig": Object {
          "Comment": Object {
            "Fn::Join": Array [
              "",
              Array [
                "OriginAccessIdentity for ",
                Object {
                  "Ref": "AppBucketFED55033",
                },
                ".",
              ],
            ],
          },
        },
      },
      "Type": "AWS::CloudFront::CloudFrontOriginAccessIdentity",
    },
    "AppBucketPolicyF441A69E": Object {
      "Properties": Object {
        "Bucket": Object {
          "Ref": "AppBucketFED55033",
        },
        "PolicyDocument": Object {
          "Statement": Array [
            Object {
              "Action": "s3:GetObject",
              "Effect": "Allow",
              "Principal": "*",
              "Resource": Object {
                "Fn::Join": Array [
                  "",
                  Array [
                    Object {
                      "Fn::GetAtt": Array [
                        "AppBucketFED55033",
                        "Arn",
                      ],
                    },
                    "/*",
                  ],
                ],
              },
            },
          ],
          "Version": "2012-10-17",
        },
      },
      "Type": "AWS::S3::BucketPolicy",
    },
  },
}
`;
