// Jest Snapshot v1, https://goo.gl/fbAQLP

exports[`AppBucket 1`] = `
Object {
  "Outputs": Object {
    "AppBucket": Object {
      "Value": Object {
        "Ref": "AppBucketFED55033",
      },
    },
    "OriginAccessIdentity": Object {
      "Value": Object {
        "Ref": "AppBucketOriginAcessIdentityEAF14A7F",
      },
    },
  },
  "Resources": Object {
    "AppBucketFED55033": Object {
      "DeletionPolicy": "Retain",
      "Properties": Object {
        "BucketName": "test3-test2.test.test4",
        "OwnershipControls": Object {
          "Rules": Array [
            Object {
              "ObjectOwnership": "BucketOwnerPreferred",
            },
          ],
        },
        "PublicAccessBlockConfiguration": Object {
          "BlockPublicAcls": true,
          "BlockPublicPolicy": true,
          "IgnorePublicAcls": true,
          "RestrictPublicBuckets": true,
        },
        "VersioningConfiguration": Object {
          "Status": "Enabled",
        },
      },
      "Type": "AWS::S3::Bucket",
      "UpdateReplacePolicy": "Retain",
    },
    "AppBucketOriginAcessIdentityEAF14A7F": Object {
      "Properties": Object {
        "CloudFrontOriginAccessIdentityConfig": Object {
          "Comment": Object {
            "Fn::Join": Array [
              "",
              Array [
                "OriginAccessIdentity for ",
                Object {
                  "Ref": "AppBucketFED55033",
                },
                ".",
              ],
            ],
          },
        },
      },
      "Type": "AWS::CloudFront::CloudFrontOriginAccessIdentity",
    },
    "AppBucketPolicyF441A69E": Object {
      "Properties": Object {
        "Bucket": Object {
          "Ref": "AppBucketFED55033",
        },
        "PolicyDocument": Object {
          "Statement": Array [
            Object {
              "Action": Array [
                "s3:GetObject*",
                "s3:GetBucket*",
                "s3:List*",
              ],
              "Effect": "Allow",
              "Principal": Object {
                "CanonicalUser": Object {
                  "Fn::GetAtt": Array [
                    "AppBucketOriginAcessIdentityEAF14A7F",
                    "S3CanonicalUserId",
                  ],
                },
              },
              "Resource": Array [
                Object {
                  "Fn::GetAtt": Array [
                    "AppBucketFED55033",
                    "Arn",
                  ],
                },
                Object {
                  "Fn::Join": Array [
                    "",
                    Array [
                      Object {
                        "Fn::GetAtt": Array [
                          "AppBucketFED55033",
                          "Arn",
                        ],
                      },
                      "/*",
                    ],
                  ],
                },
              ],
            },
            Object {
              "Action": Array [
                "s3:GetObject*",
                "s3:GetBucket*",
                "s3:List*",
                "s3:DeleteObject*",
                "s3:PutObject*",
                "s3:Abort*",
              ],
              "Effect": "Allow",
              "Principal": Object {
                "AWS": Object {
                  "Fn::Join": Array [
                    "",
                    Array [
                      "arn:",
                      Object {
                        "Ref": "AWS::Partition",
                      },
                      ":iam::1234567:root",
                    ],
                  ],
                },
              },
              "Resource": Array [
                Object {
                  "Fn::GetAtt": Array [
                    "AppBucketFED55033",
                    "Arn",
                  ],
                },
                Object {
                  "Fn::Join": Array [
                    "",
                    Array [
                      Object {
                        "Fn::GetAtt": Array [
                          "AppBucketFED55033",
                          "Arn",
                        ],
                      },
                      "/*",
                    ],
                  ],
                },
              ],
            },
          ],
          "Version": "2012-10-17",
        },
      },
      "Type": "AWS::S3::BucketPolicy",
    },
  },
}
`;
