// Jest Snapshot v1, https://goo.gl/fbAQLP

exports[`AppBucket 1`] = `[Function]`;
