// Jest Snapshot v1, https://goo.gl/fbAQLP

exports[`Delegated HostedZone template 1`] = `
Object {
  "Outputs": Object {
    "HostedZoneId": Object {
      "Value": Object {
        "Ref": "DelegatedHostedZoneECAEA759",
      },
    },
    "NameServers": Object {
      "Value": Object {
        "Fn::Join": Array [
          ",",
          Object {
            "Fn::GetAtt": Array [
              "DelegatedHostedZoneECAEA759",
              "NameServers",
            ],
          },
        ],
      },
    },
  },
  "Resources": Object {
    "DelegatedHostedZoneECAEA759": Object {
      "Properties": Object {
        "Name": "example.domain.com.",
      },
      "Type": "AWS::Route53::HostedZone",
    },
  },
}
`;
