// Jest Snapshot v1, https://goo.gl/fbAQLP

exports[`Delegated NS record template 1`] = `
Object {
  "Resources": Object {
    "DelegatedNsRecordNSRecordSet2A8A0E81": Object {
      "Properties": Object {
        "HostedZoneId": "DUMMY",
        "Name": "example.domain.com.",
        "ResourceRecords": Array [
          "blahh.aws.com",
          "blahh-west.aws.com",
        ],
        "TTL": "1800",
        "Type": "NS",
      },
      "Type": "AWS::Route53::RecordSet",
    },
  },
}
`;
