// Jest Snapshot v1, https://goo.gl/fbAQLP

exports[`App Cloudfront 1`] = `
Object {
  "Outputs": Object {
    "CertificateArn": Object {
      "Value": Object {
        "Ref": "AppCloudfrontCertificate69B623E7",
      },
    },
  },
  "Parameters": Object {
    "BootstrapVersion": Object {
      "Default": "/cdk-bootstrap/hnb659fds/version",
      "Description": "Version of the CDK Bootstrap resources in this environment, automatically retrieved from SSM Parameter Store. [cdk:skip]",
      "Type": "AWS::SSM::Parameter::Value<String>",
    },
  },
  "Resources": Object {
    "AppCloudfrontCertificate69B623E7": Object {
      "Properties": Object {
        "DomainName": "example.com",
        "DomainValidationOptions": Array [
          Object {
            "DomainName": "example.com",
            "HostedZoneId": "DUMMY",
          },
        ],
        "SubjectAlternativeNames": Array [
          "*.example.com",
        ],
        "ValidationMethod": "DNS",
      },
      "Type": "AWS::CertificateManager::Certificate",
    },
  },
  "Rules": Object {
    "CheckBootstrapVersion": Object {
      "Assertions": Array [
        Object {
          "Assert": Object {
            "Fn::Not": Array [
              Object {
                "Fn::Contains": Array [
                  Array [
                    "1",
                    "2",
                    "3",
                    "4",
                    "5",
                  ],
                  Object {
                    "Ref": "BootstrapVersion",
                  },
                ],
              },
            ],
          },
          "AssertDescription": "CDK bootstrap stack version 6 required. Please run 'cdk bootstrap' with a recent version of the CDK CLI.",
        },
      ],
    },
  },
}
`;
