// Jest Snapshot v1, https://goo.gl/fbAQLP

exports[`Hosted Zone certificate template 1`] = `
Object {
  "Outputs": Object {
    "CertificateArn": Object {
      "Value": Object {
        "Fn::GetAtt": Array [
          "HostedZoneCertCertificateCertificateRequestorResource118AF24B",
          "Arn",
        ],
      },
    },
  },
  "Parameters": Object {
    "AssetParameters7af6295e521fd55af94332393ceffb3e866aac4dc4956321f7918f21e72199e4ArtifactHash5E28809B": Object {
      "Description": "Artifact hash for asset \\"7af6295e521fd55af94332393ceffb3e866aac4dc4956321f7918f21e72199e4\\"",
      "Type": "String",
    },
    "AssetParameters7af6295e521fd55af94332393ceffb3e866aac4dc4956321f7918f21e72199e4S3Bucket5BEBDCBE": Object {
      "Description": "S3 bucket for asset \\"7af6295e521fd55af94332393ceffb3e866aac4dc4956321f7918f21e72199e4\\"",
      "Type": "String",
    },
    "AssetParameters7af6295e521fd55af94332393ceffb3e866aac4dc4956321f7918f21e72199e4S3VersionKey326451BC": Object {
      "Description": "S3 key for asset version \\"7af6295e521fd55af94332393ceffb3e866aac4dc4956321f7918f21e72199e4\\"",
      "Type": "String",
    },
  },
  "Resources": Object {
    "HostedZoneCertCertificateCertificateRequestorFunction39575E7A": Object {
      "DependsOn": Array [
        "HostedZoneCertCertificateCertificateRequestorFunctionServiceRoleDefaultPolicy2FA8415F",
        "HostedZoneCertCertificateCertificateRequestorFunctionServiceRole8DD610F6",
      ],
      "Properties": Object {
        "Code": Object {
          "S3Bucket": Object {
            "Ref": "AssetParameters7af6295e521fd55af94332393ceffb3e866aac4dc4956321f7918f21e72199e4S3Bucket5BEBDCBE",
          },
          "S3Key": Object {
            "Fn::Join": Array [
              "",
              Array [
                Object {
                  "Fn::Select": Array [
                    0,
                    Object {
                      "Fn::Split": Array [
                        "||",
                        Object {
                          "Ref": "AssetParameters7af6295e521fd55af94332393ceffb3e866aac4dc4956321f7918f21e72199e4S3VersionKey326451BC",
                        },
                      ],
                    },
                  ],
                },
                Object {
                  "Fn::Select": Array [
                    1,
                    Object {
                      "Fn::Split": Array [
                        "||",
                        Object {
                          "Ref": "AssetParameters7af6295e521fd55af94332393ceffb3e866aac4dc4956321f7918f21e72199e4S3VersionKey326451BC",
                        },
                      ],
                    },
                  ],
                },
              ],
            ],
          },
        },
        "Handler": "index.certificateRequestHandler",
        "Role": Object {
          "Fn::GetAtt": Array [
            "HostedZoneCertCertificateCertificateRequestorFunctionServiceRole8DD610F6",
            "Arn",
          ],
        },
        "Runtime": "nodejs12.x",
        "Timeout": 900,
      },
      "Type": "AWS::Lambda::Function",
    },
    "HostedZoneCertCertificateCertificateRequestorFunctionServiceRole8DD610F6": Object {
      "Properties": Object {
        "AssumeRolePolicyDocument": Object {
          "Statement": Array [
            Object {
              "Action": "sts:AssumeRole",
              "Effect": "Allow",
              "Principal": Object {
                "Service": "lambda.amazonaws.com",
              },
            },
          ],
          "Version": "2012-10-17",
        },
        "ManagedPolicyArns": Array [
          Object {
            "Fn::Join": Array [
              "",
              Array [
                "arn:",
                Object {
                  "Ref": "AWS::Partition",
                },
                ":iam::aws:policy/service-role/AWSLambdaBasicExecutionRole",
              ],
            ],
          },
        ],
      },
      "Type": "AWS::IAM::Role",
    },
    "HostedZoneCertCertificateCertificateRequestorFunctionServiceRoleDefaultPolicy2FA8415F": Object {
      "Properties": Object {
        "PolicyDocument": Object {
          "Statement": Array [
            Object {
              "Action": Array [
                "acm:RequestCertificate",
                "acm:DescribeCertificate",
                "acm:DeleteCertificate",
                "acm:AddTagsToCertificate",
              ],
              "Effect": "Allow",
              "Resource": "*",
            },
            Object {
              "Action": "route53:GetChange",
              "Effect": "Allow",
              "Resource": "*",
            },
            Object {
              "Action": "route53:changeResourceRecordSets",
              "Effect": "Allow",
              "Resource": Object {
                "Fn::Join": Array [
                  "",
                  Array [
                    "arn:",
                    Object {
                      "Ref": "AWS::Partition",
                    },
                    ":route53:::hostedzone/DUMMY",
                  ],
                ],
              },
            },
          ],
          "Version": "2012-10-17",
        },
        "PolicyName": "HostedZoneCertCertificateCertificateRequestorFunctionServiceRoleDefaultPolicy2FA8415F",
        "Roles": Array [
          Object {
            "Ref": "HostedZoneCertCertificateCertificateRequestorFunctionServiceRole8DD610F6",
          },
        ],
      },
      "Type": "AWS::IAM::Policy",
    },
    "HostedZoneCertCertificateCertificateRequestorResource118AF24B": Object {
      "DeletionPolicy": "Delete",
      "Properties": Object {
        "DomainName": "example.domain.com",
        "HostedZoneId": "DUMMY",
        "ServiceToken": Object {
          "Fn::GetAtt": Array [
            "HostedZoneCertCertificateCertificateRequestorFunction39575E7A",
            "Arn",
          ],
        },
        "SubjectAlternativeNames": Array [
          "*.example.domain.com",
        ],
      },
      "Type": "AWS::CloudFormation::CustomResource",
      "UpdateReplacePolicy": "Delete",
    },
  },
}
`;
